
> basta-client@0.0.0 test
> ng test --watch=false --browsers=ChromeHeadless

Node.js version v25.9.0 detected.
Odd numbered Node.js versions will not enter LTS status and should not be used for production. For more information, please see https://nodejs.org/en/about/previous-releases/.
- Generating browser application bundles (phase: setup)...
✔ Browser application bundle generation complete.
22 04 2026 09:58:22.045:INFO [karma-server]: Karma v6.4.4 server started at http://localhost:9876/
22 04 2026 09:58:22.046:INFO [launcher]: Launching browsers ChromeHeadless with concurrency unlimited
22 04 2026 09:58:22.048:INFO [launcher]: Starting browser ChromeHeadless
22 04 2026 09:58:23.863:INFO [Chrome Headless 147.0.0.0 (Mac OS 10.15.7)]: Connected on socket heF-T5CAzJ03Jjn4AAAB with id 39935902
Chrome Headless 147.0.0.0 (Mac OS 10.15.7): Executed 0 of 42 SUCCESS (0 secs / 0 secs)
[1A[2KChrome Headless 147.0.0.0 (Mac OS 10.15.7): Executed 1 of 42 SUCCESS (0 secs / 0.032 secs)
[1A[2KChrome Headless 147.0.0.0 (Mac OS 10.15.7): Executed 2 of 42 SUCCESS (0 secs / 0.034 secs)
[1A[2KChrome Headless 147.0.0.0 (Mac OS 10.15.7): Executed 3 of 42 SUCCESS (0 secs / 0.036 secs)
[1A[2KChrome Headless 147.0.0.0 (Mac OS 10.15.7): Executed 4 of 42 SUCCESS (0 secs / 0.037 secs)
[1A[2KLOG: '[SignalR] Connected successfully.'
Chrome Headless 147.0.0.0 (Mac OS 10.15.7): Executed 4 of 42 SUCCESS (0 secs / 0.037 secs)
LOG: '[SignalR] Connected successfully.'
[1A[2KLOG: '[SignalR] Disconnected.'
Chrome Headless 147.0.0.0 (Mac OS 10.15.7): Executed 4 of 42 SUCCESS (0 secs / 0.037 secs)
LOG: '[SignalR] Disconnected.'
[1A[2KChrome Headless 147.0.0.0 (Mac OS 10.15.7): Executed 5 of 42 SUCCESS (0 secs / 0.039 secs)
[1A[2KChrome Headless 147.0.0.0 (Mac OS 10.15.7): Executed 6 of 42 SUCCESS (0 secs / 0.04 secs)
[1A[2KLOG: '[SignalR] Connected successfully.'
Chrome Headless 147.0.0.0 (Mac OS 10.15.7): Executed 6 of 42 SUCCESS (0 secs / 0.04 secs)
LOG: '[SignalR] Connected successfully.'
[1A[2KChrome Headless 147.0.0.0 (Mac OS 10.15.7): Executed 7 of 42 SUCCESS (0 secs / 0.04 secs)
[1A[2KLOG: '[SignalR] Connected successfully.'
Chrome Headless 147.0.0.0 (Mac OS 10.15.7): Executed 7 of 42 SUCCESS (0 secs / 0.04 secs)
LOG: '[SignalR] Connected successfully.'
[1A[2KChrome Headless 147.0.0.0 (Mac OS 10.15.7): Executed 8 of 42 SUCCESS (0 secs / 0.041 secs)
[1A[2KChrome Headless 147.0.0.0 (Mac OS 10.15.7): Executed 9 of 42 SUCCESS (0 secs / 0.076 secs)
[1A[2KChrome Headless 147.0.0.0 (Mac OS 10.15.7): Executed 10 of 42 SUCCESS (0 secs / 0.08 secs)
[1A[2KChrome Headless 147.0.0.0 (Mac OS 10.15.7): Executed 11 of 42 SUCCESS (0 secs / 0.086 secs)
[1A[2KChrome Headless 147.0.0.0 (Mac OS 10.15.7): Executed 12 of 42 SUCCESS (0 secs / 0.089 secs)
[1A[2KLOG: 'Round stopped by P2. Answers submitted.'
Chrome Headless 147.0.0.0 (Mac OS 10.15.7): Executed 12 of 42 SUCCESS (0 secs / 0.089 secs)
LOG: 'Round stopped by P2. Answers submitted.'
[1A[2KChrome Headless 147.0.0.0 (Mac OS 10.15.7): Executed 13 of 42 SUCCESS (0 secs / 0.092 secs)
[1A[2KChrome Headless 147.0.0.0 (Mac OS 10.15.7): Executed 14 of 42 SUCCESS (0 secs / 0.095 secs)
[1A[2KChrome Headless 147.0.0.0 (Mac OS 10.15.7): Executed 15 of 42 SUCCESS (0 secs / 0.11 secs)
[1A[2KChrome Headless 147.0.0.0 (Mac OS 10.15.7): Executed 16 of 42 SUCCESS (0 secs / 0.111 secs)
[1A[2KChrome Headless 147.0.0.0 (Mac OS 10.15.7) LobbyComponent should update lobby state when SignalR event received FAILED
	TypeError: _this.playerState.updateState is not a function
	    at Object.next (src/app/pages/lobby/lobby.component.ts:375:24)
	    at ConsumerObserver.next (node_modules/rxjs/dist/esm/internal/Subscriber.js:91:33)
	    at SafeSubscriber._next (node_modules/rxjs/dist/esm/internal/Subscriber.js:60:26)
	    at SafeSubscriber.next (node_modules/rxjs/dist/esm/internal/Subscriber.js:31:18)
	    at cb (node_modules/rxjs/dist/esm/internal/Subject.js:34:30)
	    at errorContext (node_modules/rxjs/dist/esm/internal/util/errorContext.js:19:9)
	    at Subject.next (node_modules/rxjs/dist/esm/internal/Subject.js:27:21)
	    at UserContext.apply (src/app/pages/lobby/lobby.component.spec.ts:80:24)
	    at UserContext.apply (node_modules/zone.js/fesm2015/zone-testing.js:1715:26)
	    at _ZoneDelegate.invoke (node_modules/zone.js/fesm2015/zone.js:398:28)
Chrome Headless 147.0.0.0 (Mac OS 10.15.7): Executed 17 of 42 (1 FAILED) (0 secs / 0.114 secs)
[1A[2KChrome Headless 147.0.0.0 (Mac OS 10.15.7): Executed 18 of 42 (1 FAILED) (0 secs / 0.116 secs)
[1A[2KChrome Headless 147.0.0.0 (Mac OS 10.15.7): Executed 19 of 42 (1 FAILED) (0 secs / 0.117 secs)
[1A[2KChrome Headless 147.0.0.0 (Mac OS 10.15.7): Executed 20 of 42 (1 FAILED) (0 secs / 0.118 secs)
[1A[2KChrome Headless 147.0.0.0 (Mac OS 10.15.7): Executed 21 of 42 (1 FAILED) (0 secs / 0.119 secs)
[1A[2KChrome Headless 147.0.0.0 (Mac OS 10.15.7): Executed 22 of 42 (1 FAILED) (0 secs / 0.119 secs)
[1A[2KChrome Headless 147.0.0.0 (Mac OS 10.15.7): Executed 23 of 42 (1 FAILED) (0 secs / 0.128 secs)
[1A[2KChrome Headless 147.0.0.0 (Mac OS 10.15.7): Executed 24 of 42 (1 FAILED) (0 secs / 0.129 secs)
[1A[2KChrome Headless 147.0.0.0 (Mac OS 10.15.7): Executed 25 of 42 (1 FAILED) (0 secs / 0.13 secs)
[1A[2KChrome Headless 147.0.0.0 (Mac OS 10.15.7): Executed 26 of 42 (1 FAILED) (0 secs / 0.132 secs)
[1A[2KChrome Headless 147.0.0.0 (Mac OS 10.15.7): Executed 27 of 42 (1 FAILED) (0 secs / 0.133 secs)
[1A[2KChrome Headless 147.0.0.0 (Mac OS 10.15.7): Executed 28 of 42 (1 FAILED) (0 secs / 0.135 secs)
[1A[2KChrome Headless 147.0.0.0 (Mac OS 10.15.7): Executed 29 of 42 (1 FAILED) (0 secs / 0.144 secs)
[1A[2KChrome Headless 147.0.0.0 (Mac OS 10.15.7): Executed 30 of 42 (1 FAILED) (0 secs / 0.146 secs)
[1A[2KChrome Headless 147.0.0.0 (Mac OS 10.15.7): Executed 31 of 42 (1 FAILED) (0 secs / 0.147 secs)
[1A[2KChrome Headless 147.0.0.0 (Mac OS 10.15.7): Executed 32 of 42 (1 FAILED) (0 secs / 0.148 secs)
[1A[2KChrome Headless 147.0.0.0 (Mac OS 10.15.7): Executed 33 of 42 (1 FAILED) (0 secs / 0.149 secs)
[1A[2KChrome Headless 147.0.0.0 (Mac OS 10.15.7): Executed 34 of 42 (1 FAILED) (0 secs / 0.151 secs)
[1A[2KChrome Headless 147.0.0.0 (Mac OS 10.15.7): Executed 35 of 42 (1 FAILED) (0 secs / 0.152 secs)
[1A[2KChrome Headless 147.0.0.0 (Mac OS 10.15.7): Executed 36 of 42 (1 FAILED) (0 secs / 0.154 secs)
[1A[2KChrome Headless 147.0.0.0 (Mac OS 10.15.7): Executed 37 of 42 (1 FAILED) (0 secs / 0.155 secs)
[1A[2KChrome Headless 147.0.0.0 (Mac OS 10.15.7): Executed 38 of 42 (1 FAILED) (0 secs / 0.168 secs)
[1A[2KERROR: 'Join game error', Object{message: 'Invalid code'}
Chrome Headless 147.0.0.0 (Mac OS 10.15.7): Executed 38 of 42 (1 FAILED) (0 secs / 0.168 secs)
ERROR: 'Join game error', Object{message: 'Invalid code'}
[1A[2KChrome Headless 147.0.0.0 (Mac OS 10.15.7): Executed 39 of 42 (1 FAILED) (0 secs / 0.171 secs)
[1A[2KChrome Headless 147.0.0.0 (Mac OS 10.15.7): Executed 40 of 42 (1 FAILED) (0 secs / 0.173 secs)
[1A[2KChrome Headless 147.0.0.0 (Mac OS 10.15.7): Executed 41 of 42 (1 FAILED) (0 secs / 0.175 secs)
[1A[2KChrome Headless 147.0.0.0 (Mac OS 10.15.7): Executed 42 of 42 (1 FAILED) (0 secs / 0.177 secs)
[1A[2KChrome Headless 147.0.0.0 (Mac OS 10.15.7): Executed 42 of 42 (1 FAILED) (0.194 secs / 0.177 secs)
TOTAL: 1 FAILED, 41 SUCCESS
✔ Browser application bundle generation complete.
